flutter : Error: No pubspec.yaml file found.
At line:1 char:1
+ flutter build apk --no-shrink 2>&1 | Tee-Object -FilePath "build_outp ...
+ ~~~~~~~~~~~~~~~~~~~~~~~~~~~~~~~~~~
    + CategoryInfo          : NotSpecified: (Error: No pubspec.yaml file found 
   .:String) [], RemoteException
    + FullyQualifiedErrorId : NativeCommandError
 
This command should be run from the root of your Flutter project.
